-- Behaviour that does not need a checkpoint.
-- Make sure nothing loads lazily during this test.
SET decision_query.model_dir = '/nonexistent/checkpoint';
SELECT dq_version() LIKE 'v%' AS versioned;
 versioned 
-----------
 t
(1 row)

SELECT dq_backend() IS NULL AS unloaded;
 unloaded 
----------
 t
(1 row)

-- Loading errors leave the session usable.
SELECT dq_load('/nonexistent/checkpoint');
ERROR:  Not a checkpoint directory: /nonexistent/checkpoint
SELECT dq_load('/nonexistent/checkpoint', '{"gpu": true}');
ERROR:  Unknown option: gpu
SELECT dq_load('/nonexistent/checkpoint', '{"variant": "french"}');
ERROR:  Unknown model variant: french
SELECT dq_load('/nonexistent/checkpoint', '{"variant": "multilingual"}');
ERROR:  Not a checkpoint directory: /nonexistent/checkpoint/multilingual
SELECT dq_backend() IS NULL AS still_unloaded;
 still_unloaded 
----------------
 t
(1 row)

-- Strict functions return NULL for NULL arguments without running the model.
SELECT noul(NULL, 'question') IS NULL AS noul_null;
 noul_null 
-----------
 t
(1 row)

SELECT noul('state', NULL) IS NULL AS noul_null_instructions;
 noul_null_instructions 
------------------------
 t
(1 row)

SELECT noul('state', 'question', NULL) IS NULL AS noul_null_criteria;
 noul_null_criteria 
--------------------
 t
(1 row)

SELECT choice(NULL, 'question', '["a", "b"]') IS NULL AS choice_null;
 choice_null 
-------------
 t
(1 row)

SELECT score('state', 'question', NULL) IS NULL AS score_null;
 score_null 
------------
 t
(1 row)

SELECT decide('state', NULL) IS NULL AS answers_null;
 answers_null 
--------------
 t
(1 row)

-- Request validation happens before any model is needed.
SELECT decide('state', '{}');
ERROR:  questions must be a nonempty JSON object
SELECT decide('state', '[1]');
ERROR:  questions must be a nonempty JSON object
-- Without a resident model, inference reports how to load one.
SELECT noul('state', 'question');
ERROR:  No decision backend loaded; call dq_load(dir_or_url) or set DQ_MODEL_DIR
SELECT choice('{"subject": "hello"}'::jsonb, 'question', '["a", "b"]');
ERROR:  No decision backend loaded; call dq_load(dir_or_url) or set DQ_MODEL_DIR
SELECT score('state', 'question', '["low", "high"]');
ERROR:  No decision backend loaded; call dq_load(dir_or_url) or set DQ_MODEL_DIR
SELECT decide('state', '{"q": {"type": "noul", "instructions": "question"}}');
ERROR:  No decision backend loaded; call dq_load(dir_or_url) or set DQ_MODEL_DIR
-- Settings are validated and reserved under the decision_query prefix.
SET decision_query.options = '{"cuda": false}';
SHOW decision_query.options;
 decision_query.options 
------------------------
 {"cuda": false}
(1 row)

-- A misspelt setting under the extension's prefix is rejected on PostgreSQL 15
-- and later, the release that introduced reserved prefixes. Earlier releases
-- can only warn about placeholders that already exist when the library loads.
DO $$
DECLARE
  rejected boolean := false;
BEGIN
  BEGIN
    PERFORM set_config('decision_query.bogus', '1', true);
  EXCEPTION WHEN invalid_name THEN
    rejected := true;
  END;
  ASSERT rejected = (current_setting('server_version_num')::int >= 150000),
    'a misspelt decision_query setting was accepted as a placeholder';
END $$;
